// Jest Snapshot v1, https://goo.gl/fbAQLP

exports[`prueba en <GifItem/> debe hacer match con el snapshot 1`] = `
<div>
  <div
    class="card"
  >
    <img
      alt="luigi"
      src="https://luigi.com/"
    />
    <p>
      luigi
    </p>
  </div>
</div>
`;
